2026-09-28 21:25:36,299 [INFO] database: Workbook verified/created at C:\Users\user1\OneDrive\Documents\expense-tracker-submission\expense_tracker\expenses.xlsx
2026-09-28 21:25:36,299 [INFO] __main__: Application started.
2026-09-28 21:25:50,120 [INFO] expense: Expense added: amount=1000.0 category=food
2026-09-28 21:25:55,927 [INFO] categories: Category added: food
2026-09-28 21:26:02,873 [INFO] budget: Budget set to 10000.0
2026-09-28 21:26:05,230 [INFO] report: Exported 1 expenses to C:\Users\user1\OneDrive\Documents\expense-tracker-submission\expense_tracker\Expense_Report.csv
2026-09-28 21:26:27,468 [INFO] database: Workbook verified/created at C:\Users\user1\OneDrive\Documents\expense-tracker-submission\expense_tracker\expenses.xlsx
2026-09-28 21:26:27,468 [INFO] __main__: Application started.
2026-09-28 21:26:34,101 [INFO] expense: Expense 1 deleted.
2026-09-28 21:27:25,642 [INFO] database: Workbook verified/created at C:\Users\user1\OneDrive\Documents\expense-tracker-submission\expense_tracker\expenses.xlsx
2026-09-28 21:27:25,643 [INFO] __main__: Application started.
2026-09-28 21:27:49,558 [INFO] expense: Expense added: amount=2000.0 category=food
2026-09-28 21:27:52,513 [INFO] report: Exported 1 expenses to C:\Users\user1\OneDrive\Documents\expense-tracker-submission\expense_tracker\Expense_Report.csv
2026-09-28 21:28:08,212 [INFO] database: Workbook verified/created at C:\Users\user1\OneDrive\Documents\expense-tracker-submission\expense_tracker\expenses.xlsx
2026-09-28 21:28:08,212 [INFO] __main__: Application started.
2026-09-28 21:28:14,657 [INFO] expense: Expense 1 deleted.
2026-09-28 21:28:53,930 [INFO] database: Workbook verified/created at C:\Users\user1\OneDrive\Documents\expense-tracker-submission\expense_tracker\expenses.xlsx
2026-09-28 21:28:53,931 [INFO] __main__: Application started.
2026-09-28 21:29:08,744 [INFO] expense: Expense added: amount=1000.0 category=food
2026-09-28 21:29:24,123 [INFO] report: Exported 1 expenses to C:\Users\user1\OneDrive\Documents\expense-tracker-submission\expense_tracker\Expense_Report.csv
2026-09-28 21:29:27,961 [INFO] __main__: Application exited normally.
2026-09-28 21:32:23,673 [INFO] database: Workbook verified/created at C:\Users\user1\OneDrive\Documents\expense-tracker-submission\expense_tracker\expenses.xlsx
2026-09-28 21:32:23,674 [INFO] __main__: Application started.
2026-09-28 21:32:38,409 [INFO] database: Workbook verified/created at C:\Users\user1\OneDrive\Documents\expense-tracker-submission\expense_tracker\expenses.xlsx
2026-09-28 21:32:38,409 [INFO] __main__: Application started.
2026-09-28 21:32:46,968 [INFO] expense: Expense 1 deleted.
2026-09-28 21:32:51,635 [INFO] __main__: Application exited normally.
2026-09-28 21:33:06,484 [INFO] database: Workbook verified/created at C:\Users\user1\OneDrive\Documents\expense-tracker-submission\expense_tracker\expenses.xlsx
2026-09-28 21:33:06,484 [INFO] __main__: Application started.
2026-09-28 21:33:16,434 [INFO] expense: Expense added: amount=145.0 category=food
2026-09-28 21:33:19,610 [INFO] report: Exported 1 expenses to C:\Users\user1\OneDrive\Documents\expense-tracker-submission\expense_tracker\Expense_Report.csv
2026-09-28 21:33:22,206 [INFO] __main__: Application exited normally.
2026-09-28 21:37:26,870 [INFO] __main__: Application exited normally.
2026-09-28 22:22:40,239 [INFO] database: Workbook verified/created at C:\Users\user1\OneDrive\Desktop\vit\expenses.xlsx
2026-09-28 22:22:40,239 [INFO] __main__: Application started.
2026-09-28 22:23:10,400 [INFO] database: Workbook verified/created at C:\Users\user1\OneDrive\Desktop\vit\expenses.xlsx
2026-09-28 22:23:10,400 [INFO] __main__: Application started.
2026-09-28 22:25:17,820 [INFO] database: Workbook verified/created at C:\Users\user1\OneDrive\Desktop\vit\expenses.xlsx
2026-09-28 22:25:17,821 [INFO] __main__: Application started.
2026-09-29 08:47:51,773 [INFO] database: Workbook verified/created at C:\Users\user1\OneDrive\Desktop\vit\expenses.xlsx
2026-09-29 08:47:51,774 [INFO] __main__: Application started.
2026-09-29 08:48:01,512 [INFO] expense: Expense 1 deleted.
2026-09-29 09:11:05,387 [INFO] database: Workbook verified/created at C:\Users\user1\OneDrive\Desktop\vit\expenses.xlsx
2026-09-29 09:11:05,388 [INFO] __main__: Application started.
2026-09-29 09:11:22,160 [INFO] expense: Expense added: amount=1000.0 category=food
2026-09-29 09:11:25,758 [INFO] report: Exported 1 expenses to C:\Users\user1\OneDrive\Desktop\vit\Expense_Report.csv
2026-09-29 09:11:27,631 [INFO] __main__: Application exited normally.
2026-09-29 09:13:54,057 [INFO] database: Workbook verified/created at C:\Users\user1\OneDrive\Desktop\vit\expenses.xlsx
2026-09-29 09:13:54,058 [INFO] __main__: Application started.
2026-09-29 09:13:59,131 [INFO] __main__: Application exited normally.
2026-09-29 09:15:25,180 [INFO] database: Workbook verified/created at C:\Users\user1\OneDrive\Desktop\vit\expenses.xlsx
2026-09-29 09:15:25,180 [INFO] __main__: Application started.
2026-09-29 17:20:16,119 [INFO] database: Workbook verified/created at C:\Users\user1\OneDrive\Desktop\vit\expenses.xlsx
2026-09-29 17:20:16,119 [INFO] __main__: Application started.
2026-09-29 17:20:22,414 [INFO] expense: Expense 1 deleted.
2026-09-29 17:20:50,760 [INFO] __main__: Application exited normally.
2026-09-29 17:21:20,302 [INFO] database: Workbook verified/created at C:\Users\user1\OneDrive\Desktop\vit\expenses.xlsx
2026-09-29 17:21:20,302 [INFO] __main__: Application started.
2026-09-29 17:21:42,765 [INFO] __main__: Application exited normally.
2026-09-29 17:25:13,986 [INFO] database: Workbook verified/created at C:\Users\user1\OneDrive\Desktop\vit\expenses.xlsx
2026-09-29 17:25:13,987 [INFO] __main__: Application started.
2026-09-29 17:25:38,199 [INFO] database: Workbook verified/created at C:\Users\user1\OneDrive\Desktop\vit\expenses.xlsx
2026-09-29 17:25:38,200 [INFO] __main__: Application started.
2026-09-29 17:25:51,692 [INFO] database: Workbook verified/created at C:\Users\user1\AppData\Local\Temp\tmp6yl26v4x\test_expenses.xlsx
2026-09-29 17:25:51,708 [INFO] database: Workbook verified/created at C:\Users\user1\AppData\Local\Temp\tmp10qpv2u2\test_expenses.xlsx
2026-09-29 17:25:51,708 [WARNING] budget: Rejected budget input: Amount must be greater than zero.
2026-09-29 17:25:51,709 [WARNING] budget: Rejected budget input: Amount must be a valid number (e.g. 250.50).
2026-09-29 17:25:51,718 [INFO] database: Workbook verified/created at C:\Users\user1\AppData\Local\Temp\tmp9ym4ojko\test_expenses.xlsx
2026-09-29 17:25:51,727 [INFO] budget: Budget set to 100.0
2026-09-29 17:25:51,731 [INFO] categories: Category auto-registered: food
2026-09-29 17:25:51,739 [INFO] expense: Expense added: amount=150.0 category=food
2026-09-29 17:25:51,750 [INFO] database: Workbook verified/created at C:\Users\user1\AppData\Local\Temp\tmpdfy404_i\test_expenses.xlsx
2026-09-29 17:25:51,762 [INFO] budget: Budget set to 20000.0
2026-09-29 17:25:51,765 [INFO] categories: Category auto-registered: food
2026-09-29 17:25:51,770 [INFO] expense: Expense added: amount=1500.0 category=food
2026-09-29 17:25:51,781 [INFO] database: Workbook verified/created at C:\Users\user1\AppData\Local\Temp\tmp1_hynb2z\test_expenses.xlsx
2026-09-29 17:25:51,790 [INFO] budget: Budget set to 20000.0
2026-09-29 17:25:51,801 [INFO] budget: Budget set to 30000.0
2026-09-29 17:25:51,812 [INFO] database: Workbook verified/created at C:\Users\user1\AppData\Local\Temp\tmp0d2hrciu\test_expenses.xlsx
2026-09-29 17:25:51,826 [INFO] budget: Budget set to 100.0
2026-09-29 17:25:51,829 [INFO] categories: Category auto-registered: food
2026-09-29 17:25:51,836 [INFO] expense: Expense added: amount=40.0 category=food
2026-09-29 17:25:51,855 [INFO] database: Workbook verified/created at C:\Users\user1\AppData\Local\Temp\tmp4n19c5d9\test_expenses.xlsx
2026-09-29 17:25:51,867 [INFO] budget: Budget set to 1000.0
2026-09-29 17:25:51,894 [INFO] database: Workbook verified/created at C:\Users\user1\AppData\Local\Temp\tmpa846pupu\test_expenses.xlsx
2026-09-29 17:25:51,903 [INFO] budget: Budget set to 100.0
2026-09-29 17:25:51,923 [INFO] database: Workbook verified/created at C:\Users\user1\AppData\Local\Temp\tmpau1_8t52\test_expenses.xlsx
2026-09-29 17:25:51,933 [INFO] categories: Category added: Food
2026-09-29 17:25:51,936 [WARNING] categories: Duplicate category rejected: food
2026-09-29 17:25:51,946 [INFO] database: Workbook verified/created at C:\Users\user1\AppData\Local\Temp\tmpnn90xkr3\test_expenses.xlsx
2026-09-29 17:25:51,951 [INFO] categories: Category auto-registered: travel
2026-09-29 17:25:51,959 [INFO] database: Workbook verified/created at C:\Users\user1\AppData\Local\Temp\tmpr_nnn7er\test_expenses.xlsx
2026-09-29 17:25:51,971 [INFO] categories: Category added: Food
2026-09-29 17:25:51,981 [INFO] database: Workbook verified/created at C:\Users\user1\AppData\Local\Temp\tmpmqjhx00u\test_expenses.xlsx
2026-09-29 17:25:51,994 [INFO] categories: Category added: food
2026-09-29 17:25:52,001 [INFO] database: Workbook verified/created at C:\Users\user1\AppData\Local\Temp\tmpax1iz1du\test_expenses.xlsx
2026-09-29 17:25:52,001 [WARNING] categories: Rejected category input: Category name cannot be empty.
2026-09-29 17:25:52,011 [INFO] database: Workbook verified/created at C:\Users\user1\AppData\Local\Temp\tmpcrly22b1\test_expenses.xlsx
2026-09-29 17:25:52,020 [INFO] categories: Category added: food
2026-09-29 17:25:52,022 [WARNING] categories: Duplicate category rejected: food
2026-09-29 17:25:52,031 [INFO] database: Workbook verified/created at C:\Users\user1\AppData\Local\Temp\tmpqyphucvj\test_expenses.xlsx
2026-09-29 17:25:52,040 [INFO] categories: Category added: rent
2026-09-29 17:25:52,049 [INFO] database: Workbook verified/created at C:\Users\user1\AppData\Local\Temp\tmp8sp2nhli\test_expenses.xlsx
2026-09-29 17:25:52,060 [INFO] database: Workbook verified/created at C:\Users\user1\AppData\Local\Temp\tmp_d5dv284\test_expenses.xlsx
2026-09-29 17:25:52,073 [INFO] categories: Category added: travel
2026-09-29 17:25:52,082 [INFO] categories: Category added: food
2026-09-29 17:25:52,090 [INFO] categories: Category added: rent
2026-09-29 17:25:52,100 [INFO] database: Workbook verified/created at C:\Users\user1\AppData\Local\Temp\tmpakapb9gs\test_expenses.xlsx
2026-09-29 17:25:52,107 [INFO] database: Workbook verified/created at C:\Users\user1\AppData\Local\Temp\tmph758a_x3\fresh.xlsx
2026-09-29 17:25:52,120 [INFO] database: Workbook verified/created at C:\Users\user1\AppData\Local\Temp\tmpmb0lhi44\test_expenses.xlsx
2026-09-29 17:25:52,134 [INFO] database: Workbook verified/created at C:\Users\user1\AppData\Local\Temp\tmptwlb66dq\test_expenses.xlsx
2026-09-29 17:25:52,139 [INFO] database: Workbook verified/created at C:\Users\user1\AppData\Local\Temp\tmptwlb66dq\test_expenses.xlsx
2026-09-29 17:25:52,160 [INFO] database: Workbook verified/created at C:\Users\user1\AppData\Local\Temp\tmpvg_uora1\test_expenses.xlsx
2026-09-29 17:25:52,177 [INFO] database: Workbook verified/created at C:\Users\user1\AppData\Local\Temp\tmpye0_s61e\test_expenses.xlsx
2026-09-29 17:25:52,192 [INFO] database: Workbook verified/created at C:\Users\user1\AppData\Local\Temp\tmpzbuirkh1\test_expenses.xlsx
2026-09-29 17:25:52,204 [INFO] database: Workbook verified/created at C:\Users\user1\AppData\Local\Temp\tmpuhcn_90n\test_expenses.xlsx
2026-09-29 17:25:52,208 [INFO] categories: Category auto-registered: food
2026-09-29 17:25:52,214 [INFO] expense: Expense added: amount=250.5 category=food
2026-09-29 17:25:52,225 [INFO] database: Workbook verified/created at C:\Users\user1\AppData\Local\Temp\tmppnoi4ztj\test_expenses.xlsx
2026-09-29 17:25:52,229 [INFO] categories: Category auto-registered: food
2026-09-29 17:25:52,235 [INFO] expense: Expense added: amount=50.0 category=food
2026-09-29 17:25:52,243 [INFO] database: Workbook verified/created at C:\Users\user1\AppData\Local\Temp\tmp2o1ruf52\test_expenses.xlsx
2026-09-29 17:25:52,246 [INFO] categories: Category auto-registered: a
2026-09-29 17:25:52,253 [INFO] expense: Expense added: amount=10.0 category=a
2026-09-29 17:25:52,256 [INFO] categories: Category auto-registered: b
2026-09-29 17:25:52,265 [INFO] expense: Expense added: amount=20.0 category=b
2026-09-29 17:25:52,277 [INFO] database: Workbook verified/created at C:\Users\user1\AppData\Local\Temp\tmpqvnvyg_9\test_expenses.xlsx
2026-09-29 17:25:52,277 [WARNING] expense: Rejected expense input: Category cannot be empty.
2026-09-29 17:25:52,292 [INFO] database: Workbook verified/created at C:\Users\user1\AppData\Local\Temp\tmp1m19sy6i\test_expenses.xlsx
2026-09-29 17:25:52,292 [WARNING] expense: Rejected expense input: Amount must be a valid number (e.g. 250.50).
2026-09-29 17:25:52,306 [INFO] database: Workbook verified/created at C:\Users\user1\AppData\Local\Temp\tmp4clnvniv\test_expenses.xlsx
2026-09-29 17:25:52,306 [WARNING] expense: Rejected expense input: Amount must be greater than zero.
2026-09-29 17:25:52,317 [INFO] database: Workbook verified/created at C:\Users\user1\AppData\Local\Temp\tmp_fow5z_4\test_expenses.xlsx
2026-09-29 17:25:52,320 [INFO] categories: Category auto-registered: Food
2026-09-29 17:25:52,327 [INFO] expense: Expense added: amount=10.0 category=Food
2026-09-29 17:25:52,337 [INFO] expense: Expense added: amount=20.0 category=Food
2026-09-29 17:25:52,349 [INFO] database: Workbook verified/created at C:\Users\user1\AppData\Local\Temp\tmpo4_m8hcm\test_expenses.xlsx
2026-09-29 17:25:52,352 [INFO] categories: Category auto-registered: food
2026-09-29 17:25:52,359 [INFO] expense: Expense added: amount=10.0 category=food
2026-09-29 17:25:52,370 [INFO] database: Workbook verified/created at C:\Users\user1\AppData\Local\Temp\tmpmlixuow1\test_expenses.xlsx
2026-09-29 17:25:52,370 [WARNING] expense: Rejected expense input: Amount must be a finite number (e.g. 250.50).
2026-09-29 17:25:52,382 [INFO] database: Workbook verified/created at C:\Users\user1\AppData\Local\Temp\tmpmagu0pqa\test_expenses.xlsx
2026-09-29 17:25:52,385 [INFO] categories: Category auto-registered: snacks
2026-09-29 17:25:52,393 [INFO] expense: Expense added: amount=10.0 category=snacks
2026-09-29 17:25:52,404 [INFO] database: Workbook verified/created at C:\Users\user1\AppData\Local\Temp\tmpeyxof4uu\test_expenses.xlsx
2026-09-29 17:25:52,408 [INFO] categories: Category auto-registered: food
2026-09-29 17:25:52,415 [INFO] expense: Expense added: amount=145.0 category=food
2026-09-29 17:25:52,426 [INFO] database: Workbook verified/created at C:\Users\user1\AppData\Local\Temp\tmpqawmayyp\test_expenses.xlsx
2026-09-29 17:25:52,430 [INFO] categories: Category auto-registered: food
2026-09-29 17:25:52,437 [INFO] expense: Expense added: amount=10.0 category=food
2026-09-29 17:25:52,441 [INFO] categories: Category auto-registered: travel
2026-09-29 17:25:52,450 [INFO] expense: Expense 1 updated.
2026-09-29 17:25:52,462 [INFO] database: Workbook verified/created at C:\Users\user1\AppData\Local\Temp\tmpixlgid0e\test_expenses.xlsx
2026-09-29 17:25:52,466 [INFO] categories: Category auto-registered: food
2026-09-29 17:25:52,474 [INFO] expense: Expense added: amount=100.0 category=food
2026-09-29 17:25:52,490 [INFO] expense: Expense 1 deleted.
2026-09-29 17:25:52,507 [INFO] database: Workbook verified/created at C:\Users\user1\AppData\Local\Temp\tmpjimyfsd8\test_expenses.xlsx
2026-09-29 17:25:52,519 [INFO] database: Workbook verified/created at C:\Users\user1\AppData\Local\Temp\tmp1tb_s63z\test_expenses.xlsx
2026-09-29 17:25:52,534 [INFO] database: Workbook verified/created at C:\Users\user1\AppData\Local\Temp\tmpaxkqe2e8\test_expenses.xlsx
2026-09-29 17:25:52,537 [INFO] categories: Category auto-registered: c
2026-09-29 17:25:52,549 [INFO] expense: Expense added: amount=1.0 category=c
2026-09-29 17:25:52,567 [INFO] expense: Expense added: amount=2.0 category=c
2026-09-29 17:25:52,579 [INFO] expense: Expense added: amount=3.0 category=c
2026-09-29 17:25:52,591 [INFO] expense: Expense 2 deleted.
2026-09-29 17:25:52,605 [INFO] database: Workbook verified/created at C:\Users\user1\AppData\Local\Temp\tmpv4_lh2y4\test_expenses.xlsx
2026-09-29 17:25:52,618 [INFO] database: Workbook verified/created at C:\Users\user1\AppData\Local\Temp\tmpf_5lerme\test_expenses.xlsx
2026-09-29 17:25:52,621 [INFO] categories: Category auto-registered: c
2026-09-29 17:25:52,629 [INFO] expense: Expense added: amount=1.0 category=c
2026-09-29 17:25:52,638 [INFO] expense: Expense added: amount=2.0 category=c
2026-09-29 17:25:52,649 [INFO] expense: Expense added: amount=3.0 category=c
2026-09-29 17:25:52,660 [INFO] database: Workbook verified/created at C:\Users\user1\AppData\Local\Temp\tmpt7dmqro8\test_expenses.xlsx
2026-09-29 17:25:52,664 [INFO] categories: Category auto-registered: food
2026-09-29 17:25:52,672 [INFO] expense: Expense added: amount=100.0 category=food
2026-09-29 17:25:52,689 [INFO] database: Workbook verified/created at C:\Users\user1\AppData\Local\Temp\tmp1d10q7l7\test_expenses.xlsx
2026-09-29 17:25:52,693 [INFO] categories: Category auto-registered: food
2026-09-29 17:25:52,701 [INFO] expense: Expense added: amount=100.0 category=food
2026-09-29 17:25:52,710 [INFO] database: Workbook verified/created at C:\Users\user1\AppData\Local\Temp\tmphb0r6tte\test_expenses.xlsx
2026-09-29 17:25:52,715 [INFO] categories: Category auto-registered: food
2026-09-29 17:25:52,722 [INFO] expense: Expense added: amount=100.0 category=food
2026-09-29 17:25:52,725 [WARNING] expense: Attempted to update missing expense id=99
2026-09-29 17:25:52,734 [INFO] database: Workbook verified/created at C:\Users\user1\AppData\Local\Temp\tmpk7amv_5u\test_expenses.xlsx
2026-09-29 17:25:52,737 [INFO] categories: Category auto-registered: food
2026-09-29 17:25:52,745 [INFO] expense: Expense added: amount=100.0 category=food
2026-09-29 17:25:52,759 [INFO] database: Workbook verified/created at C:\Users\user1\AppData\Local\Temp\tmpqaq3v504\test_expenses.xlsx
2026-09-29 17:25:52,762 [INFO] categories: Category auto-registered: food
2026-09-29 17:25:52,770 [INFO] expense: Expense added: amount=100.0 category=food
2026-09-29 17:25:52,775 [INFO] categories: Category auto-registered: travel
2026-09-29 17:25:52,782 [INFO] expense: Expense 1 updated.
2026-09-29 17:25:52,793 [INFO] database: Workbook verified/created at C:\Users\user1\AppData\Local\Temp\tmps0uhqc50\test_expenses.xlsx
2026-09-29 17:25:52,796 [INFO] categories: Category auto-registered: food
2026-09-29 17:25:52,804 [INFO] expense: Expense added: amount=100.0 category=food
2026-09-29 17:25:52,813 [INFO] expense: Expense 1 updated.
2026-09-29 17:25:52,824 [INFO] database: Workbook verified/created at C:\Users\user1\AppData\Local\Temp\tmpf00k8nza\test_expenses.xlsx
2026-09-29 17:25:52,827 [INFO] database: Workbook verified/created at C:\Users\user1\AppData\Local\Temp\tmpf00k8nza\test_expenses.xlsx
2026-09-29 17:25:52,827 [INFO] main: Application started.
2026-09-29 17:25:52,836 [INFO] categories: Category added: food
2026-09-29 17:25:52,839 [WARNING] categories: Duplicate category rejected: FOOD
2026-09-29 17:25:52,839 [INFO] main: Application exited normally.
2026-09-29 17:25:52,847 [INFO] database: Workbook verified/created at C:\Users\user1\AppData\Local\Temp\tmp77pq401u\test_expenses.xlsx
2026-09-29 17:25:52,850 [INFO] database: Workbook verified/created at C:\Users\user1\AppData\Local\Temp\tmp77pq401u\test_expenses.xlsx
2026-09-29 17:25:52,850 [INFO] main: Application started.
2026-09-29 17:25:52,850 [INFO] main: Application exited normally.
2026-09-29 17:25:52,859 [INFO] database: Workbook verified/created at C:\Users\user1\AppData\Local\Temp\tmp2zdrr7gk\test_expenses.xlsx
2026-09-29 17:25:52,863 [INFO] database: Workbook verified/created at C:\Users\user1\AppData\Local\Temp\tmp2zdrr7gk\test_expenses.xlsx
2026-09-29 17:25:52,863 [INFO] main: Application started.
2026-09-29 17:25:52,863 [INFO] main: Application exited normally.
2026-09-29 17:25:52,873 [INFO] database: Workbook verified/created at C:\Users\user1\AppData\Local\Temp\tmp0rrna0g4\test_expenses.xlsx
2026-09-29 17:25:52,877 [INFO] database: Workbook verified/created at C:\Users\user1\AppData\Local\Temp\tmp0rrna0g4\test_expenses.xlsx
2026-09-29 17:25:52,877 [INFO] main: Application started.
2026-09-29 17:25:52,877 [ERROR] main: Unhandled error for menu choice 2: boom
2026-09-29 17:25:52,878 [INFO] main: Application exited normally.
2026-09-29 17:25:52,887 [INFO] database: Workbook verified/created at C:\Users\user1\AppData\Local\Temp\tmpciw39_9x\test_expenses.xlsx
2026-09-29 17:25:52,890 [INFO] categories: Category auto-registered: food
2026-09-29 17:25:52,896 [INFO] expense: Expense added: amount=100.0 category=food
2026-09-29 17:25:52,901 [INFO] categories: Category auto-registered: travel
2026-09-29 17:25:52,907 [INFO] expense: Expense added: amount=50.0 category=travel
2026-09-29 17:25:53,832 [INFO] report: Category chart saved to C:\Users\user1\AppData\Local\Temp\tmp3xtkxv0q\Category_Report.png
2026-09-29 17:25:53,842 [INFO] database: Workbook verified/created at C:\Users\user1\AppData\Local\Temp\tmpg3i4d2qi\test_expenses.xlsx
2026-09-29 17:25:53,856 [INFO] database: Workbook verified/created at C:\Users\user1\AppData\Local\Temp\tmpetb4sabx\test_expenses.xlsx
2026-09-29 17:25:53,860 [INFO] categories: Category auto-registered: food
2026-09-29 17:25:53,866 [INFO] expense: Expense added: amount=100.0 category=food
2026-09-29 17:25:53,918 [ERROR] report: Failed to write chart C:\Users\user1\AppData\Local\Temp\definitely_missing_dir_xyz\Category_Report.png: [Errno 2] No such file or directory: 'C:\\Users\\user1\\AppData\\Local\\Temp\\definitely_missing_dir_xyz\\Category_Report.png'
2026-09-29 17:25:53,926 [INFO] database: Workbook verified/created at C:\Users\user1\AppData\Local\Temp\tmpg936gceo\test_expenses.xlsx
2026-09-29 17:25:53,937 [INFO] database: Workbook verified/created at C:\Users\user1\AppData\Local\Temp\tmpzlwlgxjb\test_expenses.xlsx
2026-09-29 17:25:53,940 [INFO] categories: Category auto-registered: food
2026-09-29 17:25:53,947 [INFO] expense: Expense added: amount=100.0 category=food
2026-09-29 17:25:53,956 [INFO] expense: Expense added: amount=50.0 category=food
2026-09-29 17:25:53,958 [INFO] categories: Category auto-registered: rent
2026-09-29 17:25:53,965 [INFO] expense: Expense added: amount=400.0 category=rent
2026-09-29 17:25:53,976 [INFO] database: Workbook verified/created at C:\Users\user1\AppData\Local\Temp\tmpbxlpde6m\test_expenses.xlsx
2026-09-29 17:25:53,980 [INFO] categories: Category auto-registered: food
2026-09-29 17:25:53,988 [INFO] expense: Expense added: amount=100.0 category=food
2026-09-29 17:25:53,991 [INFO] report: Exported 1 expenses to C:\Users\user1\AppData\Local\Temp\tmpbij4nkae\Expense_Report.csv
2026-09-29 17:25:54,000 [INFO] database: Workbook verified/created at C:\Users\user1\AppData\Local\Temp\tmpozknzmmg\test_expenses.xlsx
2026-09-29 17:25:54,003 [INFO] categories: Category auto-registered: food
2026-09-29 17:25:54,010 [INFO] expense: Expense added: amount=100.0 category=food
2026-09-29 17:25:54,012 [ERROR] report: Failed to write export file C:\Users\user1\AppData\Local\Temp\definitely_missing_dir_xyz\Expense_Report.csv: [Errno 2] No such file or directory: 'C:\\Users\\user1\\AppData\\Local\\Temp\\definitely_missing_dir_xyz\\Expense_Report.csv'
2026-09-29 17:25:54,020 [INFO] database: Workbook verified/created at C:\Users\user1\AppData\Local\Temp\tmpxsbf4avk\test_expenses.xlsx
2026-09-29 17:25:54,024 [INFO] categories: Category auto-registered: food
2026-09-29 17:25:54,030 [INFO] expense: Expense added: amount=100.0 category=food
2026-09-29 17:25:54,033 [INFO] report: Exported 1 expenses to C:\Users\user1\AppData\Local\Temp\tmpg7hfbm8f\Expense_Report.csv
2026-09-29 17:25:54,044 [INFO] database: Workbook verified/created at C:\Users\user1\AppData\Local\Temp\tmpkr09qrbu\test_expenses.xlsx
